Dataset: 200,000 orders, 50,000 users (hottest device_fingerprint shared by 499 accounts)
Primary sale for these demos: a5bf0520-46e7-450a-9e0c-202f6f9fbf42

==============================================================================
Query 1 -- all orders for sale a5bf0520... in the last 60s (composite B+ tree)
==============================================================================

-- WITH index --
Sort  (cost=31.87..31.89 rows=7 width=44) (actual time=0.057..0.058 rows=1 loops=1)
  Sort Key: created_at DESC
  Sort Method: quicksort  Memory: 25kB
  Buffers: shared hit=7
  ->  Bitmap Heap Scan on orders  (cost=4.49..31.77 rows=7 width=44) (actual time=0.018..0.019 rows=1 loops=1)
        Recheck Cond: ((sale_id = 'a5bf0520-46e7-450a-9e0c-202f6f9fbf42'::uuid) AND (created_at >= '2026-08-03 13:44:57.761845+00'::timestamp with time zone))
        Heap Blocks: exact=1
        Buffers: shared hit=4
        ->  Bitmap Index Scan on ix_orders_sale_id_created_at  (cost=0.00..4.49 rows=7 width=0) (actual time=0.007..0.007 rows=1 loops=1)
              Index Cond: ((sale_id = 'a5bf0520-46e7-450a-9e0c-202f6f9fbf42'::uuid) AND (created_at >= '2026-08-03 13:44:57.761845+00'::timestamp with time zone))
              Buffers: shared hit=3
Planning:
  Buffers: shared hit=23
Planning Time: 0.136 ms
Execution Time: 0.123 ms

Dropping ix_orders_sale_id_created_at to show the baseline plan...

-- WITHOUT index --
Gather Merge  (cost=6830.48..6896.06 rows=562 width=44) (actual time=9.514..12.307 rows=1 loops=1)
  Workers Planned: 2
  Workers Launched: 2
  Buffers: shared hit=2428 read=2255
  ->  Sort  (cost=5830.46..5831.16 rows=281 width=44) (actual time=6.487..6.488 rows=0 loops=3)
        Sort Key: created_at DESC
        Sort Method: quicksort  Memory: 25kB
        Buffers: shared hit=2428 read=2255
        Worker 0:  Sort Method: quicksort  Memory: 25kB
        Worker 1:  Sort Method: quicksort  Memory: 25kB
        ->  Parallel Seq Scan on orders  (cost=0.00..5819.03 rows=281 width=44) (actual time=4.897..6.416 rows=0 loops=3)
              Filter: ((created_at >= '2026-08-03 13:44:57.761845+00'::timestamp with time zone) AND (sale_id = 'a5bf0520-46e7-450a-9e0c-202f6f9fbf42'::uuid))
              Rows Removed by Filter: 66668
              Buffers: shared hit=2315 read=2254
Planning:
  Buffers: shared hit=24 dirtied=1
Planning Time: 0.155 ms
Execution Time: 12.332 ms

Recreating ix_orders_sale_id_created_at so the demo is repeatable...
==============================================================================
Query 2 -- accounts sharing device_fingerprint 4391bca2... (hash index)
==============================================================================

-- WITH index --
Aggregate  (cost=1108.03..1108.04 rows=1 width=8) (actual time=2.559..2.560 rows=1 loops=1)
  Buffers: shared hit=4 read=382
  ->  Bitmap Heap Scan on users  (cost=27.85..1106.79 rows=497 width=0) (actual time=0.118..2.503 rows=499 loops=1)
        Recheck Cond: ((device_fingerprint)::text = '4391bca2-cf6a-47c9-bacb-86312f2e0161'::text)
        Heap Blocks: exact=383
        Buffers: shared hit=4 read=382
        ->  Bitmap Index Scan on ix_users_device_fingerprint_hash  (cost=0.00..27.73 rows=497 width=0) (actual time=0.055..0.056 rows=499 loops=1)
              Index Cond: ((device_fingerprint)::text = '4391bca2-cf6a-47c9-bacb-86312f2e0161'::text)
              Buffers: shared hit=1 read=2
Planning:
  Buffers: shared hit=90 read=3
Planning Time: 0.345 ms
Execution Time: 2.590 ms

Dropping ix_users_device_fingerprint_hash to show the baseline plan...

-- WITHOUT index --
Aggregate  (cost=2307.59..2307.60 rows=1 width=8) (actual time=13.603..13.605 rows=1 loops=1)
  Buffers: shared hit=476 read=1205 written=281
  ->  Seq Scan on users  (cost=0.00..2306.38 rows=485 width=0) (actual time=4.595..13.536 rows=499 loops=1)
        Filter: ((device_fingerprint)::text = '4391bca2-cf6a-47c9-bacb-86312f2e0161'::text)
        Rows Removed by Filter: 49531
        Buffers: shared hit=476 read=1205 written=281
Planning:
  Buffers: shared hit=15
Planning Time: 0.143 ms
Execution Time: 13.628 ms

Recreating ix_users_device_fingerprint_hash so the demo is repeatable...
==============================================================================
Case study -- units sold in the first 60s of a sale, by bot-flag status
(3-way join: orders x order_items x flagged_orders)
==============================================================================
Sort  (cost=20375.29..20395.29 rows=8000 width=40) (actual time=83.094..87.414 rows=4 loops=1)
  Sort Key: (sum(oi.quantity)) DESC
  Sort Method: quicksort  Memory: 25kB
  Buffers: shared hit=3130 read=7571 written=281
  ->  Finalize HashAggregate  (cost=19776.66..19856.66 rows=8000 width=40) (actual time=83.044..87.394 rows=4 loops=1)
        Group Key: (CASE WHEN (fo.id IS NULL) THEN 'clean'::character varying ELSE fo.review_status END)
        Batches: 1  Memory Usage: 409kB
        Buffers: shared hit=3127 read=7571 written=281
        ->  Gather  (cost=18016.66..19696.66 rows=16000 width=40) (actual time=82.345..87.292 rows=12 loops=1)
              Workers Planned: 2
              Workers Launched: 2
              Buffers: shared hit=3127 read=7571 written=281
              ->  Partial HashAggregate  (cost=17016.66..17096.66 rows=8000 width=40) (actual time=79.079..79.118 rows=4 loops=3)
                    Group Key: CASE WHEN (fo.id IS NULL) THEN 'clean'::character varying ELSE fo.review_status END
                    Batches: 1  Memory Usage: 409kB
                    Buffers: shared hit=3127 read=7571 written=281
                    Worker 0:  Batches: 1  Memory Usage: 409kB
                    Worker 1:  Batches: 1  Memory Usage: 409kB
                    ->  Hash Left Join  (cost=5700.24..16944.79 rows=14374 width=36) (actual time=19.574..72.781 rows=34318 loops=3)
                          Hash Cond: (o.id = fo.order_id)
                          Buffers: shared hit=3127 read=7571 written=281
                          ->  Parallel Hash Join  (cost=5349.24..16556.06 rows=14374 width=20) (actual time=15.842..61.298 rows=34318 loops=3)
                                Hash Cond: (oi.order_id = o.id)
                                Buffers: shared hit=2700 read=7485 written=195
                                ->  Parallel Seq Scan on order_items oi  (cost=0.00..10769.59 rows=166559 width=20) (actual time=3.864..18.647 rows=133247 loops=3)
                                      Buffers: shared hit=1876 read=7228 written=96
                                ->  Parallel Hash  (cost=5259.34..5259.34 rows=7192 width=16) (actual time=11.730..11.732 rows=17183 loops=3)
                                      Buckets: 65536 (originally 32768)  Batches: 1 (originally 1)  Memory Usage: 3264kB
                                      Buffers: shared hit=796 read=257 written=99
                                      ->  Parallel Bitmap Heap Scan on orders o  (cost=564.49..5259.34 rows=7192 width=16) (actual time=3.066..5.852 rows=17183 loops=3)
                                            Recheck Cond: ((sale_id = 'a5bf0520-46e7-450a-9e0c-202f6f9fbf42'::uuid) AND (created_at >= '2026-08-03 13:36:26.094879+00'::timestamp with time zone) AND (created_at < '2026-08-03 13:37:26.094879+00'::timestamp with time zone))
                                            Heap Blocks: exact=299
                                            Buffers: shared hit=796 read=257 written=99
                                            ->  Bitmap Index Scan on ix_orders_sale_id_created_at  (cost=0.00..560.17 rows=17260 width=0) (actual time=5.263..5.264 rows=51549 loops=1)
                                                  Index Cond: ((sale_id = 'a5bf0520-46e7-450a-9e0c-202f6f9fbf42'::uuid) AND (created_at >= '2026-08-03 13:36:26.094879+00'::timestamp with time zone) AND (created_at < '2026-08-03 13:37:26.094879+00'::timestamp with time zone))
                                                  Buffers: shared read=257 written=99
                          ->  Hash  (cost=251.00..251.00 rows=8000 width=42) (actual time=3.681..3.682 rows=8000 loops=3)
                                Buckets: 8192  Batches: 1  Memory Usage: 643kB
                                Buffers: shared hit=427 read=86 written=86
                                ->  Seq Scan on flagged_orders fo  (cost=0.00..251.00 rows=8000 width=42) (actual time=0.796..1.787 rows=8000 loops=3)
                                      Buffers: shared hit=427 read=86 written=86
Planning:
  Buffers: shared hit=212 read=9
Planning Time: 0.788 ms
Execution Time: 87.538 ms

Confirmed: the sale_id + created_at filter is applied directly on the
  orders scan node (->  Parallel Bitmap Heap Scan on orders o  (cost=564.49..5259.34 rows=7192 width=16) (actual time=3.066..5.852 rows=17183 loops=3)) -- pushed down BEFORE the joins to
  order_items/flagged_orders, matching the design doc's selection-before-join heuristic.

Query result:
            clean: 198071 units
    confirmed_bot: 2932 units
          cleared: 2714 units
          pending: 2598 units

==============================================================================
SECTION 6 SUMMARY -- paste directly into your report
==============================================================================

| Query | Index present (scan, time) | Index dropped (scan, time) | Speedup |
|---|---|---|---|
| Query 1 -- all orders for sale a5bf0520... in the last 60s (composite B+ tree) | Bitmap Index Scan, 0.12 ms | Seq Scan, 12.33 ms | 100.3x |
| Query 2 -- accounts sharing device_fingerprint 4391bca2... (hash index) | Bitmap Index Scan, 2.59 ms | Seq Scan, 13.63 ms | 5.3x |
